// Jest Snapshot v1, https://goo.gl/fbAQLP

exports[`Chip matches its snapshot 1`] = `
<View
  accessibilityRole="button"
  accessibilityState={
    {
      "busy": undefined,
      "checked": undefined,
      "disabled": undefined,
      "expanded": undefined,
      "selected": false,
    }
  }
  accessibilityValue={
    {
      "max": undefined,
      "min": undefined,
      "now": undefined,
      "text": undefined,
    }
  }
  accessible={true}
  collapsable={false}
  focusable={true}
  onBlur={[Function]}
  onClick={[Function]}
  onFocus={[Function]}
  onResponderGrant={[Function]}
  onResponderMove={[Function]}
  onResponderRelease={[Function]}
  onResponderTerminate={[Function]}
  onResponderTerminationRequest={[Function]}
  onStartShouldSetResponder={[Function]}
  style={
    [
      {
        "backgroundColor": "#F1EBDF",
        "borderColor": "rgba(33, 29, 24, 0.12)",
        "borderRadius": 999,
        "borderWidth": 1,
        "paddingHorizontal": 8,
        "paddingVertical": 6,
      },
      false,
      false,
    ]
  }
>
  <Text
    style={
      [
        {
          "color": "#211D18",
          "fontSize": 13,
          "fontWeight": "400",
          "lineHeight": 19,
        },
        false,
      ]
    }
  >
    Smart
  </Text>
</View>
`;
