// Jest Snapshot v1, https://goo.gl/fbAQLP

exports[`LoadingState matches its snapshot 1`] = `
<View
  style={
    {
      "alignItems": "center",
      "gap": 8,
      "justifyContent": "center",
      "padding": 32,
    }
  }
>
  <ActivityIndicator
    accessible={true}
    color="#B5502E"
    role="progressbar"
  />
  <Text
    style={
      {
        "color": "rgba(33, 29, 24, 0.55)",
        "fontSize": 16,
        "fontWeight": "400",
        "lineHeight": 27,
      }
    }
  >
    Loading recipes…
  </Text>
</View>
`;
