// Jest Snapshot v1, https://goo.gl/fbAQLP

exports[`OfflineState matches its snapshot 1`] = `
<View
  accessible={true}
  role="status"
  style={
    {
      "backgroundColor": "#F1EBDF",
      "borderColor": "rgba(33, 29, 24, 0.12)",
      "borderRadius": 8,
      "borderWidth": 1,
      "paddingHorizontal": 14,
      "paddingVertical": 8,
    }
  }
>
  <Text
    style={
      {
        "color": "rgba(33, 29, 24, 0.55)",
        "fontSize": 13,
        "fontWeight": "400",
        "lineHeight": 19,
        "textAlign": "center",
      }
    }
  >
    You're offline. Some features need a connection.
  </Text>
</View>
`;
