// Jest Snapshot v1, https://goo.gl/fbAQLP

exports[`Row matches its snapshot 1`] = `
<View
  accessibilityRole="button"
  accessibilityState={
    {
      "busy": undefined,
      "checked": undefined,
      "disabled": undefined,
      "expanded": undefined,
      "selected": undefined,
    }
  }
  accessibilityValue={
    {
      "max": undefined,
      "min": undefined,
      "now": undefined,
      "text": undefined,
    }
  }
  accessible={true}
  collapsable={false}
  focusable={true}
  onBlur={[Function]}
  onClick={[Function]}
  onFocus={[Function]}
  onResponderGrant={[Function]}
  onResponderMove={[Function]}
  onResponderRelease={[Function]}
  onResponderTerminate={[Function]}
  onResponderTerminationRequest={[Function]}
  onStartShouldSetResponder={[Function]}
  style={false}
>
  <View
    style={
      {
        "borderBottomColor": "rgba(33, 29, 24, 0.12)",
        "borderBottomWidth": 0.5,
        "paddingHorizontal": 14,
        "paddingVertical": 14,
      }
    }
  >
    <Text
      numberOfLines={1}
      style={
        {
          "color": "#211D18",
          "fontSize": 16,
          "fontWeight": "500",
          "letterSpacing": -0.16,
          "lineHeight": 27,
        }
      }
    >
      Garlic Bread
    </Text>
  </View>
</View>
`;
